
> Configure project :
w: file:///C:/Users/abu-o/Abu%20Repo/build.gradle.kts:44:13: 'kotlinOptions(KotlinJvmOptionsDeprecated /* = KotlinJvmOptions */.() -> Unit): Unit' is deprecated. Please migrate to the compilerOptions DSL. More details are here: https://kotl.in/u1r8ln

FAILURE: Build failed with an exception.

* Where:
Build file 'C:\Users\abu-o\Abu Repo\build.gradle.kts' line: 25

* What went wrong:
Failed to apply plugin 'com.android.internal.version-check'.
> Minimum supported Gradle version is 8.9. Current version is 8.7. If using the gradle wrapper, try editing the distributionUrl in C:\Users\abu-o\Abu Repo\gradle\wrapper\gradle-wrapper.properties to gradle-8.9-all.zip

* Try:
> Run with --stacktrace option to get the stack trace.
> Run with --info or --debug option to get more log output.
> Run with --scan to get full insights.
> Get more help at https://help.gradle.org.

BUILD FAILED in 1s
